------------------------------------------------------------
Timing Analyzer Summary
------------------------------------------------------------

Type  : Slow 1200mV 85C Model Setup 'sensor:sensor1|divf:clkS|clkl'
Slack : -141.066
TNS   : -4635.425

Type  : Slow 1200mV 85C Model Setup 'echo'
Slack : -41.843
TNS   : -294.973

Type  : Slow 1200mV 85C Model Setup 'clk'
Slack : -3.982
TNS   : -85.177

Type  : Slow 1200mV 85C Model Setup 'divf:cl1|clkl'
Slack : -1.865
TNS   : -16.296

Type  : Slow 1200mV 85C Model Setup 'sensor:sensor1|divf:u1|clkl'
Slack : -1.638
TNS   : -19.045

Type  : Slow 1200mV 85C Model Hold 'sensor:sensor1|divf:clkS|clkl'
Slack : 0.316
TNS   : 0.000

Type  : Slow 1200mV 85C Model Hold 'clk'
Slack : 0.347
TNS   : 0.000

Type  : Slow 1200mV 85C Model Hold 'sensor:sensor1|divf:u1|clkl'
Slack : 0.391
TNS   : 0.000

Type  : Slow 1200mV 85C Model Hold 'divf:cl1|clkl'
Slack : 0.640
TNS   : 0.000

Type  : Slow 1200mV 85C Model Hold 'echo'
Slack : 3.391
TNS   : 0.000

Type  : Slow 1200mV 85C Model Recovery 'echo'
Slack : -1.442
TNS   : -11.830

Type  : Slow 1200mV 85C Model Recovery 'sensor:sensor1|divf:u1|clkl'
Slack : -1.335
TNS   : -21.360

Type  : Slow 1200mV 85C Model Removal 'echo'
Slack : 1.016
TNS   : 0.000

Type  : Slow 1200mV 85C Model Removal 'sensor:sensor1|divf:u1|clkl'
Slack : 1.725
TNS   : 0.000

Type  : Slow 1200mV 85C Model Minimum Pulse Width 'clk'
Slack : -3.000
TNS   : -64.732

Type  : Slow 1200mV 85C Model Minimum Pulse Width 'echo'
Slack : -3.000
TNS   : -19.836

Type  : Slow 1200mV 85C Model Minimum Pulse Width 'sensor:sensor1|divf:clkS|clkl'
Slack : -1.403
TNS   : -140.300

Type  : Slow 1200mV 85C Model Minimum Pulse Width 'sensor:sensor1|divf:u1|clkl'
Slack : -1.403
TNS   : -22.448

Type  : Slow 1200mV 85C Model Minimum Pulse Width 'divf:cl1|clkl'
Slack : -1.403
TNS   : -15.433

Type  : Slow 1200mV 0C Model Setup 'sensor:sensor1|divf:clkS|clkl'
Slack : -127.892
TNS   : -4202.981

Type  : Slow 1200mV 0C Model Setup 'echo'
Slack : -37.979
TNS   : -267.675

Type  : Slow 1200mV 0C Model Setup 'clk'
Slack : -3.664
TNS   : -73.806

Type  : Slow 1200mV 0C Model Setup 'divf:cl1|clkl'
Slack : -1.613
TNS   : -13.903

Type  : Slow 1200mV 0C Model Setup 'sensor:sensor1|divf:u1|clkl'
Slack : -1.379
TNS   : -15.837

Type  : Slow 1200mV 0C Model Hold 'sensor:sensor1|divf:clkS|clkl'
Slack : 0.293
TNS   : 0.000

Type  : Slow 1200mV 0C Model Hold 'clk'
Slack : 0.311
TNS   : 0.000

Type  : Slow 1200mV 0C Model Hold 'sensor:sensor1|divf:u1|clkl'
Slack : 0.482
TNS   : 0.000

Type  : Slow 1200mV 0C Model Hold 'divf:cl1|clkl'
Slack : 0.593
TNS   : 0.000

Type  : Slow 1200mV 0C Model Hold 'echo'
Slack : 3.101
TNS   : 0.000

Type  : Slow 1200mV 0C Model Recovery 'echo'
Slack : -1.242
TNS   : -9.882

Type  : Slow 1200mV 0C Model Recovery 'sensor:sensor1|divf:u1|clkl'
Slack : -1.149
TNS   : -18.384

Type  : Slow 1200mV 0C Model Removal 'echo'
Slack : 0.931
TNS   : 0.000

Type  : Slow 1200mV 0C Model Removal 'sensor:sensor1|divf:u1|clkl'
Slack : 1.555
TNS   : 0.000

Type  : Slow 1200mV 0C Model Minimum Pulse Width 'clk'
Slack : -3.000
TNS   : -64.732

Type  : Slow 1200mV 0C Model Minimum Pulse Width 'echo'
Slack : -3.000
TNS   : -19.836

Type  : Slow 1200mV 0C Model Minimum Pulse Width 'sensor:sensor1|divf:clkS|clkl'
Slack : -1.403
TNS   : -140.300

Type  : Slow 1200mV 0C Model Minimum Pulse Width 'sensor:sensor1|divf:u1|clkl'
Slack : -1.403
TNS   : -22.448

Type  : Slow 1200mV 0C Model Minimum Pulse Width 'divf:cl1|clkl'
Slack : -1.403
TNS   : -15.433

Type  : Fast 1200mV 0C Model Setup 'sensor:sensor1|divf:clkS|clkl'
Slack : -57.801
TNS   : -1882.372

Type  : Fast 1200mV 0C Model Setup 'echo'
Slack : -16.748
TNS   : -115.894

Type  : Fast 1200mV 0C Model Setup 'clk'
Slack : -1.242
TNS   : -12.012

Type  : Fast 1200mV 0C Model Setup 'sensor:sensor1|divf:u1|clkl'
Slack : -0.147
TNS   : -2.352

Type  : Fast 1200mV 0C Model Setup 'divf:cl1|clkl'
Slack : -0.146
TNS   : -0.678

Type  : Fast 1200mV 0C Model Hold 'sensor:sensor1|divf:clkS|clkl'
Slack : -0.112
TNS   : -0.112

Type  : Fast 1200mV 0C Model Hold 'sensor:sensor1|divf:u1|clkl'
Slack : -0.076
TNS   : -1.216

Type  : Fast 1200mV 0C Model Hold 'clk'
Slack : 0.151
TNS   : 0.000

Type  : Fast 1200mV 0C Model Hold 'divf:cl1|clkl'
Slack : 0.248
TNS   : 0.000

Type  : Fast 1200mV 0C Model Hold 'echo'
Slack : 1.375
TNS   : 0.000

Type  : Fast 1200mV 0C Model Recovery 'echo'
Slack : -0.236
TNS   : -0.720

Type  : Fast 1200mV 0C Model Recovery 'sensor:sensor1|divf:u1|clkl'
Slack : -0.051
TNS   : -0.816

Type  : Fast 1200mV 0C Model Removal 'echo'
Slack : 0.506
TNS   : 0.000

Type  : Fast 1200mV 0C Model Removal 'sensor:sensor1|divf:u1|clkl'
Slack : 0.762
TNS   : 0.000

Type  : Fast 1200mV 0C Model Minimum Pulse Width 'clk'
Slack : -3.000
TNS   : -48.388

Type  : Fast 1200mV 0C Model Minimum Pulse Width 'echo'
Slack : -3.000
TNS   : -17.096

Type  : Fast 1200mV 0C Model Minimum Pulse Width 'sensor:sensor1|divf:clkS|clkl'
Slack : -1.000
TNS   : -100.000

Type  : Fast 1200mV 0C Model Minimum Pulse Width 'sensor:sensor1|divf:u1|clkl'
Slack : -1.000
TNS   : -16.000

Type  : Fast 1200mV 0C Model Minimum Pulse Width 'divf:cl1|clkl'
Slack : -1.000
TNS   : -11.000

------------------------------------------------------------
